// Jest Snapshot v1, https://goo.gl/fbAQLP

exports[`App should be an instance of App component 1`] = `
<div
  className="App"
>
  <Form
    addContestant={[Function]}
  />
  <CardContainer
    addHeart={[Function]}
    contestants={
      Array [
        Object {
          "id": 1,
          "interests": "Cats and Burritos",
          "name": "Leta",
          "status": "online",
        },
      ]
    }
    removeContestant={[Function]}
  />
</div>
`;
